<?xml version="1.0" ?>
<source file="main.adb" coverage_level="stmt+mcdc">
 <scope_metric scope_name="Main" scope_line="6">
  <metric kind="total_lines_of_relevance" count="24"/>
  <metric kind="fully_covered" count="22" ratio="92"/>
  <metric kind="partially_covered" count="0" ratio="0"/>
  <metric kind="not_covered" count="2" ratio="8"/>
  <metric kind="undetermined_coverage" count="0" ratio="0"/>
  <metric kind="exempted_no_violation" count="0" ratio="0"/>
  <metric kind="exempted" count="0" ratio="0"/>
  <metric kind="exempted_undetermined_coverage" count="0" ratio="0"/>
  <metric kind="disabled_coverage" count="0" ratio="0"/>
  <obligation_stats kind="Stmt">
   <metric kind="total_obligations_of_relevance" count="22"/>
   <metric kind="fully_covered" count="20" ratio="91"/>
   <metric kind="partially_covered" count="0" ratio="0"/>
   <metric kind="not_covered" count="2" ratio="9"/>
   <metric kind="undetermined_coverage" count="0" ratio="0"/>
   <metric kind="exempted_no_violation" count="0" ratio="0"/>
   <metric kind="exempted" count="0" ratio="0"/>
   <metric kind="exempted_undetermined_coverage" count="0" ratio="0"/>
   <metric kind="disabled_coverage" count="0" ratio="0"/>
  </obligation_stats>

  <obligation_stats kind="Decision">
   <metric kind="total_obligations_of_relevance" count="2"/>
   <metric kind="fully_covered" count="1" ratio="50"/>
   <metric kind="partially_covered" count="0" ratio="0"/>
   <metric kind="not_covered" count="1" ratio="50"/>
   <metric kind="undetermined_coverage" count="0" ratio="0"/>
   <metric kind="exempted_no_violation" count="0" ratio="0"/>
   <metric kind="exempted" count="0" ratio="0"/>
   <metric kind="exempted_undetermined_coverage" count="0" ratio="0"/>
   <metric kind="disabled_coverage" count="0" ratio="0"/>
  </obligation_stats>

  <obligation_stats kind="MCDC">
   <metric kind="total_obligations_of_relevance" count="3"/>
   <metric kind="fully_covered" count="1" ratio="33"/>
   <metric kind="partially_covered" count="0" ratio="0"/>
   <metric kind="not_covered" count="2" ratio="67"/>
   <metric kind="undetermined_coverage" count="0" ratio="0"/>
   <metric kind="exempted_no_violation" count="0" ratio="0"/>
   <metric kind="exempted" count="0" ratio="0"/>
   <metric kind="exempted_undetermined_coverage" count="0" ratio="0"/>
   <metric kind="disabled_coverage" count="0" ratio="0"/>
  </obligation_stats>

  <scope_metric scope_name="&quot;+&quot;" scope_line="8">
   <metric kind="total_lines_of_relevance" count="2"/>
   <metric kind="fully_covered" count="2" ratio="100"/>
   <metric kind="partially_covered" count="0" ratio="0"/>
   <metric kind="not_covered" count="0" ratio="0"/>
   <metric kind="undetermined_coverage" count="0" ratio="0"/>
   <metric kind="exempted_no_violation" count="0" ratio="0"/>
   <metric kind="exempted" count="0" ratio="0"/>
   <metric kind="exempted_undetermined_coverage" count="0" ratio="0"/>
   <metric kind="disabled_coverage" count="0" ratio="0"/>
   <obligation_stats kind="Stmt">
    <metric kind="total_obligations_of_relevance" count="1"/>
    <metric kind="fully_covered" count="1" ratio="100"/>
    <metric kind="partially_covered" count="0" ratio="0"/>
    <metric kind="not_covered" count="0" ratio="0"/>
    <metric kind="undetermined_coverage" count="0" ratio="0"/>
    <metric kind="exempted_no_violation" count="0" ratio="0"/>
    <metric kind="exempted" count="0" ratio="0"/>
    <metric kind="exempted_undetermined_coverage" count="0" ratio="0"/>
    <metric kind="disabled_coverage" count="0" ratio="0"/>
   </obligation_stats>

   <obligation_stats kind="Decision">
    <metric kind="total_obligations_of_relevance" count="0"/>
    <metric kind="fully_covered" count="0"/>
    <metric kind="partially_covered" count="0"/>
    <metric kind="not_covered" count="0"/>
    <metric kind="undetermined_coverage" count="0"/>
    <metric kind="exempted_no_violation" count="0"/>
    <metric kind="exempted" count="0"/>
    <metric kind="exempted_undetermined_coverage" count="0"/>
    <metric kind="disabled_coverage" count="0"/>
   </obligation_stats>

   <obligation_stats kind="MCDC">
    <metric kind="total_obligations_of_relevance" count="0"/>
    <metric kind="fully_covered" count="0"/>
    <metric kind="partially_covered" count="0"/>
    <metric kind="not_covered" count="0"/>
    <metric kind="undetermined_coverage" count="0"/>
    <metric kind="exempted_no_violation" count="0"/>
    <metric kind="exempted" count="0"/>
    <metric kind="exempted_undetermined_coverage" count="0"/>
    <metric kind="disabled_coverage" count="0"/>
   </obligation_stats>

  </scope_metric>

  <scope_metric scope_name="A" scope_line="11">
   <metric kind="total_lines_of_relevance" count="2"/>
   <metric kind="fully_covered" count="1" ratio="50"/>
   <metric kind="partially_covered" count="0" ratio="0"/>
   <metric kind="not_covered" count="1" ratio="50"/>
   <metric kind="undetermined_coverage" count="0" ratio="0"/>
   <metric kind="exempted_no_violation" count="0" ratio="0"/>
   <metric kind="exempted" count="0" ratio="0"/>
   <metric kind="exempted_undetermined_coverage" count="0" ratio="0"/>
   <metric kind="disabled_coverage" count="0" ratio="0"/>
   <obligation_stats kind="Stmt">
    <metric kind="total_obligations_of_relevance" count="2"/>
    <metric kind="fully_covered" count="1" ratio="50"/>
    <metric kind="partially_covered" count="0" ratio="0"/>
    <metric kind="not_covered" count="1" ratio="50"/>
    <metric kind="undetermined_coverage" count="0" ratio="0"/>
    <metric kind="exempted_no_violation" count="0" ratio="0"/>
    <metric kind="exempted" count="0" ratio="0"/>
    <metric kind="exempted_undetermined_coverage" count="0" ratio="0"/>
    <metric kind="disabled_coverage" count="0" ratio="0"/>
   </obligation_stats>

   <obligation_stats kind="Decision">
    <metric kind="total_obligations_of_relevance" count="0"/>
    <metric kind="fully_covered" count="0"/>
    <metric kind="partially_covered" count="0"/>
    <metric kind="not_covered" count="0"/>
    <metric kind="undetermined_coverage" count="0"/>
    <metric kind="exempted_no_violation" count="0"/>
    <metric kind="exempted" count="0"/>
    <metric kind="exempted_undetermined_coverage" count="0"/>
    <metric kind="disabled_coverage" count="0"/>
   </obligation_stats>

   <obligation_stats kind="MCDC">
    <metric kind="total_obligations_of_relevance" count="0"/>
    <metric kind="fully_covered" count="0"/>
    <metric kind="partially_covered" count="0"/>
    <metric kind="not_covered" count="0"/>
    <metric kind="undetermined_coverage" count="0"/>
    <metric kind="exempted_no_violation" count="0"/>
    <metric kind="exempted" count="0"/>
    <metric kind="exempted_undetermined_coverage" count="0"/>
    <metric kind="disabled_coverage" count="0"/>
   </obligation_stats>

   <scope_metric scope_name="Id" scope_line="17">
    <metric kind="total_lines_of_relevance" count="1"/>
    <metric kind="fully_covered" count="0" ratio="0"/>
    <metric kind="partially_covered" count="0" ratio="0"/>
    <metric kind="not_covered" count="1" ratio="100"/>
    <metric kind="undetermined_coverage" count="0" ratio="0"/>
    <metric kind="exempted_no_violation" count="0" ratio="0"/>
    <metric kind="exempted" count="0" ratio="0"/>
    <metric kind="exempted_undetermined_coverage" count="0" ratio="0"/>
    <metric kind="disabled_coverage" count="0" ratio="0"/>
    <obligation_stats kind="Stmt">
     <metric kind="total_obligations_of_relevance" count="1"/>
     <metric kind="fully_covered" count="0" ratio="0"/>
     <metric kind="partially_covered" count="0" ratio="0"/>
     <metric kind="not_covered" count="1" ratio="100"/>
     <metric kind="undetermined_coverage" count="0" ratio="0"/>
     <metric kind="exempted_no_violation" count="0" ratio="0"/>
     <metric kind="exempted" count="0" ratio="0"/>
     <metric kind="exempted_undetermined_coverage" count="0" ratio="0"/>
     <metric kind="disabled_coverage" count="0" ratio="0"/>
    </obligation_stats>

    <obligation_stats kind="Decision">
     <metric kind="total_obligations_of_relevance" count="0"/>
     <metric kind="fully_covered" count="0"/>
     <metric kind="partially_covered" count="0"/>
     <metric kind="not_covered" count="0"/>
     <metric kind="undetermined_coverage" count="0"/>
     <metric kind="exempted_no_violation" count="0"/>
     <metric kind="exempted" count="0"/>
     <metric kind="exempted_undetermined_coverage" count="0"/>
     <metric kind="disabled_coverage" count="0"/>
    </obligation_stats>

    <obligation_stats kind="MCDC">
     <metric kind="total_obligations_of_relevance" count="0"/>
     <metric kind="fully_covered" count="0"/>
     <metric kind="partially_covered" count="0"/>
     <metric kind="not_covered" count="0"/>
     <metric kind="undetermined_coverage" count="0"/>
     <metric kind="exempted_no_violation" count="0"/>
     <metric kind="exempted" count="0"/>
     <metric kind="exempted_undetermined_coverage" count="0"/>
     <metric kind="disabled_coverage" count="0"/>
    </obligation_stats>

   </scope_metric>

  </scope_metric>

  <scope_metric scope_name="A" scope_line="20">
   <metric kind="total_lines_of_relevance" count="1"/>
   <metric kind="fully_covered" count="0" ratio="0"/>
   <metric kind="partially_covered" count="0" ratio="0"/>
   <metric kind="not_covered" count="1" ratio="100"/>
   <metric kind="undetermined_coverage" count="0" ratio="0"/>
   <metric kind="exempted_no_violation" count="0" ratio="0"/>
   <metric kind="exempted" count="0" ratio="0"/>
   <metric kind="exempted_undetermined_coverage" count="0" ratio="0"/>
   <metric kind="disabled_coverage" count="0" ratio="0"/>
   <obligation_stats kind="Stmt">
    <metric kind="total_obligations_of_relevance" count="1"/>
    <metric kind="fully_covered" count="0" ratio="0"/>
    <metric kind="partially_covered" count="0" ratio="0"/>
    <metric kind="not_covered" count="1" ratio="100"/>
    <metric kind="undetermined_coverage" count="0" ratio="0"/>
    <metric kind="exempted_no_violation" count="0" ratio="0"/>
    <metric kind="exempted" count="0" ratio="0"/>
    <metric kind="exempted_undetermined_coverage" count="0" ratio="0"/>
    <metric kind="disabled_coverage" count="0" ratio="0"/>
   </obligation_stats>

   <obligation_stats kind="Decision">
    <metric kind="total_obligations_of_relevance" count="1"/>
    <metric kind="fully_covered" count="0" ratio="0"/>
    <metric kind="partially_covered" count="0" ratio="0"/>
    <metric kind="not_covered" count="1" ratio="100"/>
    <metric kind="undetermined_coverage" count="0" ratio="0"/>
    <metric kind="exempted_no_violation" count="0" ratio="0"/>
    <metric kind="exempted" count="0" ratio="0"/>
    <metric kind="exempted_undetermined_coverage" count="0" ratio="0"/>
    <metric kind="disabled_coverage" count="0" ratio="0"/>
   </obligation_stats>

   <obligation_stats kind="MCDC">
    <metric kind="total_obligations_of_relevance" count="2"/>
    <metric kind="fully_covered" count="0" ratio="0"/>
    <metric kind="partially_covered" count="0" ratio="0"/>
    <metric kind="not_covered" count="2" ratio="100"/>
    <metric kind="undetermined_coverage" count="0" ratio="0"/>
    <metric kind="exempted_no_violation" count="0" ratio="0"/>
    <metric kind="exempted" count="0" ratio="0"/>
    <metric kind="exempted_undetermined_coverage" count="0" ratio="0"/>
    <metric kind="disabled_coverage" count="0" ratio="0"/>
   </obligation_stats>

   <scope_metric scope_name="And_Then" scope_line="21">
    <metric kind="total_lines_of_relevance" count="1"/>
    <metric kind="fully_covered" count="0" ratio="0"/>
    <metric kind="partially_covered" count="0" ratio="0"/>
    <metric kind="not_covered" count="1" ratio="100"/>
    <metric kind="undetermined_coverage" count="0" ratio="0"/>
    <metric kind="exempted_no_violation" count="0" ratio="0"/>
    <metric kind="exempted" count="0" ratio="0"/>
    <metric kind="exempted_undetermined_coverage" count="0" ratio="0"/>
    <metric kind="disabled_coverage" count="0" ratio="0"/>
    <obligation_stats kind="Stmt">
     <metric kind="total_obligations_of_relevance" count="1"/>
     <metric kind="fully_covered" count="0" ratio="0"/>
     <metric kind="partially_covered" count="0" ratio="0"/>
     <metric kind="not_covered" count="1" ratio="100"/>
     <metric kind="undetermined_coverage" count="0" ratio="0"/>
     <metric kind="exempted_no_violation" count="0" ratio="0"/>
     <metric kind="exempted" count="0" ratio="0"/>
     <metric kind="exempted_undetermined_coverage" count="0" ratio="0"/>
     <metric kind="disabled_coverage" count="0" ratio="0"/>
    </obligation_stats>

    <obligation_stats kind="Decision">
     <metric kind="total_obligations_of_relevance" count="1"/>
     <metric kind="fully_covered" count="0" ratio="0"/>
     <metric kind="partially_covered" count="0" ratio="0"/>
     <metric kind="not_covered" count="1" ratio="100"/>
     <metric kind="undetermined_coverage" count="0" ratio="0"/>
     <metric kind="exempted_no_violation" count="0" ratio="0"/>
     <metric kind="exempted" count="0" ratio="0"/>
     <metric kind="exempted_undetermined_coverage" count="0" ratio="0"/>
     <metric kind="disabled_coverage" count="0" ratio="0"/>
    </obligation_stats>

    <obligation_stats kind="MCDC">
     <metric kind="total_obligations_of_relevance" count="2"/>
     <metric kind="fully_covered" count="0" ratio="0"/>
     <metric kind="partially_covered" count="0" ratio="0"/>
     <metric kind="not_covered" count="2" ratio="100"/>
     <metric kind="undetermined_coverage" count="0" ratio="0"/>
     <metric kind="exempted_no_violation" count="0" ratio="0"/>
     <metric kind="exempted" count="0" ratio="0"/>
     <metric kind="exempted_undetermined_coverage" count="0" ratio="0"/>
     <metric kind="disabled_coverage" count="0" ratio="0"/>
    </obligation_stats>

   </scope_metric>

  </scope_metric>

  <scope_metric scope_name="Obj" scope_line="35">
   <metric kind="total_lines_of_relevance" count="5"/>
   <metric kind="fully_covered" count="5" ratio="100"/>
   <metric kind="partially_covered" count="0" ratio="0"/>
   <metric kind="not_covered" count="0" ratio="0"/>
   <metric kind="undetermined_coverage" count="0" ratio="0"/>
   <metric kind="exempted_no_violation" count="0" ratio="0"/>
   <metric kind="exempted" count="0" ratio="0"/>
   <metric kind="exempted_undetermined_coverage" count="0" ratio="0"/>
   <metric kind="disabled_coverage" count="0" ratio="0"/>
   <obligation_stats kind="Stmt">
    <metric kind="total_obligations_of_relevance" count="4"/>
    <metric kind="fully_covered" count="4" ratio="100"/>
    <metric kind="partially_covered" count="0" ratio="0"/>
    <metric kind="not_covered" count="0" ratio="0"/>
    <metric kind="undetermined_coverage" count="0" ratio="0"/>
    <metric kind="exempted_no_violation" count="0" ratio="0"/>
    <metric kind="exempted" count="0" ratio="0"/>
    <metric kind="exempted_undetermined_coverage" count="0" ratio="0"/>
    <metric kind="disabled_coverage" count="0" ratio="0"/>
   </obligation_stats>

   <obligation_stats kind="Decision">
    <metric kind="total_obligations_of_relevance" count="1"/>
    <metric kind="fully_covered" count="1" ratio="100"/>
    <metric kind="partially_covered" count="0" ratio="0"/>
    <metric kind="not_covered" count="0" ratio="0"/>
    <metric kind="undetermined_coverage" count="0" ratio="0"/>
    <metric kind="exempted_no_violation" count="0" ratio="0"/>
    <metric kind="exempted" count="0" ratio="0"/>
    <metric kind="exempted_undetermined_coverage" count="0" ratio="0"/>
    <metric kind="disabled_coverage" count="0" ratio="0"/>
   </obligation_stats>

   <obligation_stats kind="MCDC">
    <metric kind="total_obligations_of_relevance" count="1"/>
    <metric kind="fully_covered" count="1" ratio="100"/>
    <metric kind="partially_covered" count="0" ratio="0"/>
    <metric kind="not_covered" count="0" ratio="0"/>
    <metric kind="undetermined_coverage" count="0" ratio="0"/>
    <metric kind="exempted_no_violation" count="0" ratio="0"/>
    <metric kind="exempted" count="0" ratio="0"/>
    <metric kind="exempted_undetermined_coverage" count="0" ratio="0"/>
    <metric kind="disabled_coverage" count="0" ratio="0"/>
   </obligation_stats>

   <scope_metric scope_name="Set" scope_line="36">
    <metric kind="total_lines_of_relevance" count="2"/>
    <metric kind="fully_covered" count="2" ratio="100"/>
    <metric kind="partially_covered" count="0" ratio="0"/>
    <metric kind="not_covered" count="0" ratio="0"/>
    <metric kind="undetermined_coverage" count="0" ratio="0"/>
    <metric kind="exempted_no_violation" count="0" ratio="0"/>
    <metric kind="exempted" count="0" ratio="0"/>
    <metric kind="exempted_undetermined_coverage" count="0" ratio="0"/>
    <metric kind="disabled_coverage" count="0" ratio="0"/>
    <obligation_stats kind="Stmt">
     <metric kind="total_obligations_of_relevance" count="2"/>
     <metric kind="fully_covered" count="2" ratio="100"/>
     <metric kind="partially_covered" count="0" ratio="0"/>
     <metric kind="not_covered" count="0" ratio="0"/>
     <metric kind="undetermined_coverage" count="0" ratio="0"/>
     <metric kind="exempted_no_violation" count="0" ratio="0"/>
     <metric kind="exempted" count="0" ratio="0"/>
     <metric kind="exempted_undetermined_coverage" count="0" ratio="0"/>
     <metric kind="disabled_coverage" count="0" ratio="0"/>
    </obligation_stats>

    <obligation_stats kind="Decision">
     <metric kind="total_obligations_of_relevance" count="0"/>
     <metric kind="fully_covered" count="0"/>
     <metric kind="partially_covered" count="0"/>
     <metric kind="not_covered" count="0"/>
     <metric kind="undetermined_coverage" count="0"/>
     <metric kind="exempted_no_violation" count="0"/>
     <metric kind="exempted" count="0"/>
     <metric kind="exempted_undetermined_coverage" count="0"/>
     <metric kind="disabled_coverage" count="0"/>
    </obligation_stats>

    <obligation_stats kind="MCDC">
     <metric kind="total_obligations_of_relevance" count="0"/>
     <metric kind="fully_covered" count="0"/>
     <metric kind="partially_covered" count="0"/>
     <metric kind="not_covered" count="0"/>
     <metric kind="undetermined_coverage" count="0"/>
     <metric kind="exempted_no_violation" count="0"/>
     <metric kind="exempted" count="0"/>
     <metric kind="exempted_undetermined_coverage" count="0"/>
     <metric kind="disabled_coverage" count="0"/>
    </obligation_stats>

   </scope_metric>

   <scope_metric scope_name="Get" scope_line="42">
    <metric kind="total_lines_of_relevance" count="3"/>
    <metric kind="fully_covered" count="3" ratio="100"/>
    <metric kind="partially_covered" count="0" ratio="0"/>
    <metric kind="not_covered" count="0" ratio="0"/>
    <metric kind="undetermined_coverage" count="0" ratio="0"/>
    <metric kind="exempted_no_violation" count="0" ratio="0"/>
    <metric kind="exempted" count="0" ratio="0"/>
    <metric kind="exempted_undetermined_coverage" count="0" ratio="0"/>
    <metric kind="disabled_coverage" count="0" ratio="0"/>
    <obligation_stats kind="Stmt">
     <metric kind="total_obligations_of_relevance" count="2"/>
     <metric kind="fully_covered" count="2" ratio="100"/>
     <metric kind="partially_covered" count="0" ratio="0"/>
     <metric kind="not_covered" count="0" ratio="0"/>
     <metric kind="undetermined_coverage" count="0" ratio="0"/>
     <metric kind="exempted_no_violation" count="0" ratio="0"/>
     <metric kind="exempted" count="0" ratio="0"/>
     <metric kind="exempted_undetermined_coverage" count="0" ratio="0"/>
     <metric kind="disabled_coverage" count="0" ratio="0"/>
    </obligation_stats>

    <obligation_stats kind="Decision">
     <metric kind="total_obligations_of_relevance" count="0"/>
     <metric kind="fully_covered" count="0"/>
     <metric kind="partially_covered" count="0"/>
     <metric kind="not_covered" count="0"/>
     <metric kind="undetermined_coverage" count="0"/>
     <metric kind="exempted_no_violation" count="0"/>
     <metric kind="exempted" count="0"/>
     <metric kind="exempted_undetermined_coverage" count="0"/>
     <metric kind="disabled_coverage" count="0"/>
    </obligation_stats>

    <obligation_stats kind="MCDC">
     <metric kind="total_obligations_of_relevance" count="0"/>
     <metric kind="fully_covered" count="0"/>
     <metric kind="partially_covered" count="0"/>
     <metric kind="not_covered" count="0"/>
     <metric kind="undetermined_coverage" count="0"/>
     <metric kind="exempted_no_violation" count="0"/>
     <metric kind="exempted" count="0"/>
     <metric kind="exempted_undetermined_coverage" count="0"/>
     <metric kind="disabled_coverage" count="0"/>
    </obligation_stats>

   </scope_metric>

  </scope_metric>

  <scope_metric scope_name="T" scope_line="60">
   <metric kind="total_lines_of_relevance" count="5"/>
   <metric kind="fully_covered" count="5" ratio="100"/>
   <metric kind="partially_covered" count="0" ratio="0"/>
   <metric kind="not_covered" count="0" ratio="0"/>
   <metric kind="undetermined_coverage" count="0" ratio="0"/>
   <metric kind="exempted_no_violation" count="0" ratio="0"/>
   <metric kind="exempted" count="0" ratio="0"/>
   <metric kind="exempted_undetermined_coverage" count="0" ratio="0"/>
   <metric kind="disabled_coverage" count="0" ratio="0"/>
   <obligation_stats kind="Stmt">
    <metric kind="total_obligations_of_relevance" count="5"/>
    <metric kind="fully_covered" count="5" ratio="100"/>
    <metric kind="partially_covered" count="0" ratio="0"/>
    <metric kind="not_covered" count="0" ratio="0"/>
    <metric kind="undetermined_coverage" count="0" ratio="0"/>
    <metric kind="exempted_no_violation" count="0" ratio="0"/>
    <metric kind="exempted" count="0" ratio="0"/>
    <metric kind="exempted_undetermined_coverage" count="0" ratio="0"/>
    <metric kind="disabled_coverage" count="0" ratio="0"/>
   </obligation_stats>

   <obligation_stats kind="Decision">
    <metric kind="total_obligations_of_relevance" count="0"/>
    <metric kind="fully_covered" count="0"/>
    <metric kind="partially_covered" count="0"/>
    <metric kind="not_covered" count="0"/>
    <metric kind="undetermined_coverage" count="0"/>
    <metric kind="exempted_no_violation" count="0"/>
    <metric kind="exempted" count="0"/>
    <metric kind="exempted_undetermined_coverage" count="0"/>
    <metric kind="disabled_coverage" count="0"/>
   </obligation_stats>

   <obligation_stats kind="MCDC">
    <metric kind="total_obligations_of_relevance" count="0"/>
    <metric kind="fully_covered" count="0"/>
    <metric kind="partially_covered" count="0"/>
    <metric kind="not_covered" count="0"/>
    <metric kind="undetermined_coverage" count="0"/>
    <metric kind="exempted_no_violation" count="0"/>
    <metric kind="exempted" count="0"/>
    <metric kind="exempted_undetermined_coverage" count="0"/>
    <metric kind="disabled_coverage" count="0"/>
   </obligation_stats>

  </scope_metric>

 </scope_metric>

 <src_mapping coverage=".">
  <src>
   <line num="1" src="pragma Ada_2012;"/>
  </src>

 </src_mapping>

 <src_mapping coverage=".">
  <src>
   <line num="2" src=""/>
  </src>

 </src_mapping>

 <src_mapping coverage=".">
  <src>
   <line num="3" src="with Ada.Strings.Unbounded; use Ada.Strings.Unbounded;"/>
  </src>

 </src_mapping>

 <src_mapping coverage=".">
  <src>
   <line num="4" src="with Ada.Text_IO;           use Ada.Text_IO;"/>
  </src>

 </src_mapping>

 <src_mapping coverage=".">
  <src>
   <line num="5" src=""/>
  </src>

 </src_mapping>

 <src_mapping coverage=".">
  <src>
   <line num="6" src="procedure Main is"/>
  </src>

 </src_mapping>

 <src_mapping coverage=".">
  <src>
   <line num="7" src=""/>
  </src>

 </src_mapping>

 <src_mapping coverage="+">
  <src>
   <line num="8" src="   function &quot;+&quot; (Item : String) return Unbounded_String"/>
  </src>

  <statement id="1" text="function ..." coverage="+">
   <src>
    <line num="8" column_begin="4" src="   function &quot;+&quot; (Item : String) return Unbounded_String"/>
    <line num="9" column_end="45" src="                 renames To_Unbounded_String;"/>
   </src>

  </statement>

 </src_mapping>

 <src_mapping coverage="+">
  <src>
   <line num="9" src="                 renames To_Unbounded_String;"/>
  </src>

 </src_mapping>

 <src_mapping coverage=".">
  <src>
   <line num="10" src=""/>
  </src>

 </src_mapping>

 <src_mapping coverage=".">
  <src>
   <line num="11" src="   package A is"/>
  </src>

 </src_mapping>

 <src_mapping coverage=".">
  <src>
   <line num="12" src=""/>
  </src>

 </src_mapping>

 <src_mapping coverage="+">
  <src>
   <line num="13" src="      Size_Chunk : constant := 2_048;"/>
  </src>

  <statement id="2" text="Size_Chun..." coverage="+">
   <src>
    <line num="13" column_begin="7" column_end="37" src="      Size_Chunk : constant := 2_048;"/>
   </src>

  </statement>

 </src_mapping>

 <src_mapping coverage=".">
  <src>
   <line num="14" src=""/>
  </src>

 </src_mapping>

 <src_mapping coverage=".">
  <src>
   <line num="15" src="      function And_Then (A, B : Boolean) return Boolean;"/>
  </src>

 </src_mapping>

 <src_mapping coverage=".">
  <src>
   <line num="16" src=""/>
  </src>

 </src_mapping>

 <src_mapping coverage="-">
  <src>
   <line num="17" src="      function Id (A : Boolean) return Boolean is (A);"/>
  </src>

  <statement id="3" text="A" coverage="-">
   <src>
    <line num="17" column_begin="52" column_end="52" src="                                                   A"/>
   </src>

  </statement>

  <message kind="violation" SCO="SCO #3: STATEMENT" message="not executed"/>
 </src_mapping>

 <src_mapping coverage=".">
  <src>
   <line num="18" src="   end A;"/>
  </src>

 </src_mapping>

 <src_mapping coverage=".">
  <src>
   <line num="19" src=""/>
  </src>

 </src_mapping>

 <src_mapping coverage=".">
  <src>
   <line num="20" src="   package body A is"/>
  </src>

 </src_mapping>

 <src_mapping coverage=".">
  <src>
   <line num="21" src="      function And_Then (A, B : Boolean) return Boolean is"/>
  </src>

 </src_mapping>

 <src_mapping coverage=".">
  <src>
   <line num="22" src="      begin"/>
  </src>

 </src_mapping>

 <src_mapping coverage="-">
  <src>
   <line num="23" src="         return A and then B;"/>
  </src>

  <statement id="4" text="return A ..." coverage="-">
   <src>
    <line num="23" column_begin="10" column_end="29" src="         return A and then B;"/>
   </src>

  </statement>

  <decision id="5" text="A and the..." coverage="-">
   <src>
    <line num="23" column_begin="17" column_end="28" src="                A and then B"/>
   </src>

   <condition id="7" text="A" coverage=".">
    <src>
     <line num="23" column_begin="17" column_end="17" src="                A"/>
    </src>

   </condition>

   <condition id="8" text="B" coverage=".">
    <src>
     <line num="23" column_begin="28" column_end="28" src="                           B"/>
    </src>

   </condition>

  </decision>

  <message kind="violation" SCO="SCO #4: STATEMENT" message="not executed"/>
 </src_mapping>

 <src_mapping coverage=".">
  <src>
   <line num="24" src="      end And_Then;"/>
  </src>

 </src_mapping>

 <src_mapping coverage=".">
  <src>
   <line num="25" src="   end A;"/>
  </src>

 </src_mapping>

 <src_mapping coverage=".">
  <src>
   <line num="26" src=""/>
  </src>

 </src_mapping>

 <src_mapping coverage="+">
  <src>
   <line num="27" src="   protected Obj is"/>
  </src>

  <statement id="9" text="protected" coverage="+">
   <src>
    <line num="27" column_begin="4" column_end="12" src="   protected"/>
   </src>

  </statement>

 </src_mapping>

 <src_mapping coverage=".">
  <src>
   <line num="28" src="      procedure Set (V : Integer);"/>
  </src>

 </src_mapping>

 <src_mapping coverage=".">
  <src>
   <line num="29" src="      entry Get (V : out Integer);"/>
  </src>

 </src_mapping>

 <src_mapping coverage=".">
  <src>
   <line num="30" src="   private"/>
  </src>

 </src_mapping>

 <src_mapping coverage="+">
  <src>
   <line num="31" src="      Local  : Integer;"/>
  </src>

  <statement id="10" text="Local  : ..." coverage="+">
   <src>
    <line num="31" column_begin="7" column_end="23" src="      Local  : Integer;"/>
   </src>

  </statement>

 </src_mapping>

 <src_mapping coverage="+">
  <src>
   <line num="32" src="      Is_Set : Boolean := False;"/>
  </src>

  <statement id="11" text="Is_Set : ..." coverage="+">
   <src>
    <line num="32" column_begin="7" column_end="32" src="      Is_Set : Boolean := False;"/>
   </src>

  </statement>

 </src_mapping>

 <src_mapping coverage=".">
  <src>
   <line num="33" src="   end Obj;"/>
  </src>

 </src_mapping>

 <src_mapping coverage=".">
  <src>
   <line num="34" src=""/>
  </src>

 </src_mapping>

 <src_mapping coverage=".">
  <src>
   <line num="35" src="   protected body Obj is"/>
  </src>

 </src_mapping>

 <src_mapping coverage=".">
  <src>
   <line num="36" src="      procedure Set (V : Integer) is"/>
  </src>

 </src_mapping>

 <src_mapping coverage=".">
  <src>
   <line num="37" src="      begin"/>
  </src>

 </src_mapping>

 <src_mapping coverage="+">
  <src>
   <line num="38" src="         Local := V;"/>
  </src>

  <statement id="12" text="Local := ..." coverage="+">
   <src>
    <line num="38" column_begin="10" column_end="20" src="         Local := V;"/>
   </src>

  </statement>

 </src_mapping>

 <src_mapping coverage="+">
  <src>
   <line num="39" src="         Is_Set := True;"/>
  </src>

  <statement id="13" text="Is_Set :=..." coverage="+">
   <src>
    <line num="39" column_begin="10" column_end="24" src="         Is_Set := True;"/>
   </src>

  </statement>

 </src_mapping>

 <src_mapping coverage=".">
  <src>
   <line num="40" src="      end Set;"/>
  </src>

 </src_mapping>

 <src_mapping coverage=".">
  <src>
   <line num="41" src=""/>
  </src>

 </src_mapping>

 <src_mapping coverage=".">
  <src>
   <line num="42" src="      entry Get (V : out Integer)"/>
  </src>

 </src_mapping>

 <src_mapping coverage="+">
  <src>
   <line num="43" src="        when Is_Set is"/>
  </src>

  <decision id="14" text="Is_Set" coverage="+">
   <src>
    <line num="43" column_begin="14" column_end="19" src="             Is_Set"/>
   </src>

   <condition id="15" text="Is_Set" coverage="+">
    <src>
     <line num="43" column_begin="14" column_end="19" src="             Is_Set"/>
    </src>

   </condition>

  </decision>

 </src_mapping>

 <src_mapping coverage=".">
  <src>
   <line num="44" src="         --  Entry is blocked until the"/>
  </src>

 </src_mapping>

 <src_mapping coverage=".">
  <src>
   <line num="45" src="         --  condition is true. The barrier"/>
  </src>

 </src_mapping>

 <src_mapping coverage=".">
  <src>
   <line num="46" src="         --  is evaluated at call of entries"/>
  </src>

 </src_mapping>

 <src_mapping coverage=".">
  <src>
   <line num="47" src="         --  and at exits of procedures and"/>
  </src>

 </src_mapping>

 <src_mapping coverage=".">
  <src>
   <line num="48" src="         --  entries. The calling task sleeps"/>
  </src>

 </src_mapping>

 <src_mapping coverage=".">
  <src>
   <line num="49" src="         --  until the barrier is released."/>
  </src>

 </src_mapping>

 <src_mapping coverage=".">
  <src>
   <line num="50" src="      begin"/>
  </src>

 </src_mapping>

 <src_mapping coverage="+">
  <src>
   <line num="51" src="         V := Local;"/>
  </src>

  <statement id="16" text="V := Loca..." coverage="+">
   <src>
    <line num="51" column_begin="10" column_end="20" src="         V := Local;"/>
   </src>

  </statement>

 </src_mapping>

 <src_mapping coverage="+">
  <src>
   <line num="52" src="         Is_Set := False;"/>
  </src>

  <statement id="17" text="Is_Set :=..." coverage="+">
   <src>
    <line num="52" column_begin="10" column_end="25" src="         Is_Set := False;"/>
   </src>

  </statement>

 </src_mapping>

 <src_mapping coverage=".">
  <src>
   <line num="53" src="      end Get;"/>
  </src>

 </src_mapping>

 <src_mapping coverage=".">
  <src>
   <line num="54" src="   end Obj;"/>
  </src>

 </src_mapping>

 <src_mapping coverage=".">
  <src>
   <line num="55" src=""/>
  </src>

 </src_mapping>

 <src_mapping coverage="+">
  <src>
   <line num="56" src="   N : Integer := 0;"/>
  </src>

  <statement id="18" text="N : Integ..." coverage="+">
   <src>
    <line num="56" column_begin="4" column_end="20" src="   N : Integer := 0;"/>
   </src>

  </statement>

 </src_mapping>

 <src_mapping coverage=".">
  <src>
   <line num="57" src=""/>
  </src>

 </src_mapping>

 <src_mapping coverage="+">
  <src>
   <line num="58" src="   task T;"/>
  </src>

  <statement id="19" text="task" coverage="+">
   <src>
    <line num="58" column_begin="4" column_end="7" src="   task"/>
   </src>

  </statement>

 </src_mapping>

 <src_mapping coverage=".">
  <src>
   <line num="59" src=""/>
  </src>

 </src_mapping>

 <src_mapping coverage=".">
  <src>
   <line num="60" src="   task body T is"/>
  </src>

 </src_mapping>

 <src_mapping coverage=".">
  <src>
   <line num="61" src="   begin"/>
  </src>

 </src_mapping>

 <src_mapping coverage="+">
  <src>
   <line num="62" src="      Put_Line (&quot;Task T will delay for 4 seconds...&quot;);"/>
  </src>

  <statement id="20" text="Put_Line ..." coverage="+">
   <src>
    <line num="62" column_begin="7" column_end="54" src="      Put_Line (&quot;Task T will delay for 4 seconds...&quot;);"/>
   </src>

  </statement>

 </src_mapping>

 <src_mapping coverage="+">
  <src>
   <line num="63" src="      delay 4.0;"/>
  </src>

  <statement id="21" text="delay 4.0..." coverage="+">
   <src>
    <line num="63" column_begin="7" column_end="16" src="      delay 4.0;"/>
   </src>

  </statement>

 </src_mapping>

 <src_mapping coverage="+">
  <src>
   <line num="64" src="      Put_Line (&quot;Task T will set Obj...&quot;);"/>
  </src>

  <statement id="22" text="Put_Line ..." coverage="+">
   <src>
    <line num="64" column_begin="7" column_end="42" src="      Put_Line (&quot;Task T will set Obj...&quot;);"/>
   </src>

  </statement>

 </src_mapping>

 <src_mapping coverage="+">
  <src>
   <line num="65" src="      Obj.Set (5);"/>
  </src>

  <statement id="23" text="Obj.Set (..." coverage="+">
   <src>
    <line num="65" column_begin="7" column_end="18" src="      Obj.Set (5);"/>
   </src>

  </statement>

 </src_mapping>

 <src_mapping coverage="+">
  <src>
   <line num="66" src="      Put_Line (&quot;Task T has just set Obj...&quot;);"/>
  </src>

  <statement id="24" text="Put_Line ..." coverage="+">
   <src>
    <line num="66" column_begin="7" column_end="46" src="      Put_Line (&quot;Task T has just set Obj...&quot;);"/>
   </src>

  </statement>

 </src_mapping>

 <src_mapping coverage=".">
  <src>
   <line num="67" src="   end T;"/>
  </src>

 </src_mapping>

 <src_mapping coverage=".">
  <src>
   <line num="68" src="begin"/>
  </src>

 </src_mapping>

 <src_mapping coverage="+">
  <src>
   <line num="69" src="   Put_Line (&quot;Main application will get Obj...&quot;);"/>
  </src>

  <statement id="25" text="Put_Line ..." coverage="+">
   <src>
    <line num="69" column_begin="4" column_end="49" src="   Put_Line (&quot;Main application will get Obj...&quot;);"/>
   </src>

  </statement>

 </src_mapping>

 <src_mapping coverage="+">
  <src>
   <line num="70" src="   Obj.Get (N);"/>
  </src>

  <statement id="26" text="Obj.Get (..." coverage="+">
   <src>
    <line num="70" column_begin="4" column_end="15" src="   Obj.Get (N);"/>
   </src>

  </statement>

 </src_mapping>

 <src_mapping coverage="+">
  <src>
   <line num="71" src="   Put_Line (&quot;Main application has just retrieved Obj...&quot;);"/>
  </src>

  <statement id="27" text="Put_Line ..." coverage="+">
   <src>
    <line num="71" column_begin="4" column_end="59" src="   Put_Line (&quot;Main application has just retrieved Obj...&quot;);"/>
   </src>

  </statement>

 </src_mapping>

 <src_mapping coverage="+">
  <src>
   <line num="72" src="   Put_Line (&quot;Number is: &quot; &amp; Integer&apos;Image (N));"/>
  </src>

  <statement id="28" text="Put_Line ..." coverage="+">
   <src>
    <line num="72" column_begin="4" column_end="48" src="   Put_Line (&quot;Number is: &quot; &amp; Integer&apos;Image (N));"/>
   </src>

  </statement>

 </src_mapping>

 <src_mapping coverage=".">
  <src>
   <line num="73" src=""/>
  </src>

 </src_mapping>

 <src_mapping coverage=".">
  <src>
   <line num="74" src="end Main;"/>
  </src>

 </src_mapping>

</source>

