<?xml version="1.0" ?>
<document xmlns:xi="http://www.w3.org/2001/XInclude" xmlns:xsi="http://www.w3.org/2001/XMLSchema-instance" xsi:noNamespaceSchemaLocation="gnatcov-xml-report.xsd">
 <coverage_report coverage_level="stmt+mcdc+atcc">
  <coverage_info>
   <xi:include parse="xml" href="trace.xml"/>
  </coverage_info>

  <coverage_summary>
   <metric kind="total_lines_of_relevance" count="9"/>
   <metric kind="fully_covered" count="7" ratio="78"/>
   <metric kind="partially_covered" count="2" ratio="22"/>
   <metric kind="not_covered" count="0" ratio="0"/>
   <metric kind="undetermined_coverage" count="0" ratio="0"/>
   <metric kind="exempted_no_violation" count="0" ratio="0"/>
   <metric kind="exempted" count="0" ratio="0"/>
   <metric kind="exempted_undetermined_coverage" count="0" ratio="0"/>
   <obligation_stats kind="Stmt">
    <metric kind="total_obligations_of_relevance" count="9"/>
    <metric kind="fully_covered" count="9" ratio="100"/>
    <metric kind="partially_covered" count="0" ratio="0"/>
    <metric kind="not_covered" count="0" ratio="0"/>
    <metric kind="undetermined_coverage" count="0" ratio="0"/>
    <metric kind="exempted_no_violation" count="0" ratio="0"/>
    <metric kind="exempted" count="0" ratio="0"/>
    <metric kind="exempted_undetermined_coverage" count="0" ratio="0"/>
   </obligation_stats>

   <obligation_stats kind="Decision">
    <metric kind="total_obligations_of_relevance" count="1"/>
    <metric kind="fully_covered" count="1" ratio="100"/>
    <metric kind="partially_covered" count="0" ratio="0"/>
    <metric kind="not_covered" count="0" ratio="0"/>
    <metric kind="undetermined_coverage" count="0" ratio="0"/>
    <metric kind="exempted_no_violation" count="0" ratio="0"/>
    <metric kind="exempted" count="0" ratio="0"/>
    <metric kind="exempted_undetermined_coverage" count="0" ratio="0"/>
   </obligation_stats>

   <obligation_stats kind="MCDC">
    <metric kind="total_obligations_of_relevance" count="2"/>
    <metric kind="fully_covered" count="1" ratio="50"/>
    <metric kind="partially_covered" count="0" ratio="0"/>
    <metric kind="not_covered" count="1" ratio="50"/>
    <metric kind="undetermined_coverage" count="0" ratio="0"/>
    <metric kind="exempted_no_violation" count="0" ratio="0"/>
    <metric kind="exempted" count="0" ratio="0"/>
    <metric kind="exempted_undetermined_coverage" count="0" ratio="0"/>
   </obligation_stats>

   <obligation_stats kind="ATC">
    <metric kind="total_obligations_of_relevance" count="1"/>
    <metric kind="fully_covered" count="1" ratio="100"/>
    <metric kind="partially_covered" count="0" ratio="0"/>
    <metric kind="not_covered" count="0" ratio="0"/>
    <metric kind="undetermined_coverage" count="0" ratio="0"/>
    <metric kind="exempted_no_violation" count="0" ratio="0"/>
    <metric kind="exempted" count="0" ratio="0"/>
    <metric kind="exempted_undetermined_coverage" count="0" ratio="0"/>
   </obligation_stats>

   <obligation_stats kind="ATCC">
    <metric kind="total_obligations_of_relevance" count="2"/>
    <metric kind="fully_covered" count="1" ratio="50"/>
    <metric kind="partially_covered" count="0" ratio="0"/>
    <metric kind="not_covered" count="1" ratio="50"/>
    <metric kind="undetermined_coverage" count="0" ratio="0"/>
    <metric kind="exempted_no_violation" count="0" ratio="0"/>
    <metric kind="exempted" count="0" ratio="0"/>
    <metric kind="exempted_undetermined_coverage" count="0" ratio="0"/>
   </obligation_stats>

   <file name="main.adb">
    <metric kind="total_lines_of_relevance" count="9"/>
    <metric kind="fully_covered" count="7" ratio="78"/>
    <metric kind="partially_covered" count="2" ratio="22"/>
    <metric kind="not_covered" count="0" ratio="0"/>
    <metric kind="undetermined_coverage" count="0" ratio="0"/>
    <metric kind="exempted_no_violation" count="0" ratio="0"/>
    <metric kind="exempted" count="0" ratio="0"/>
    <metric kind="exempted_undetermined_coverage" count="0" ratio="0"/>
    <obligation_stats kind="Stmt">
     <metric kind="total_obligations_of_relevance" count="9"/>
     <metric kind="fully_covered" count="9" ratio="100"/>
     <metric kind="partially_covered" count="0" ratio="0"/>
     <metric kind="not_covered" count="0" ratio="0"/>
     <metric kind="undetermined_coverage" count="0" ratio="0"/>
     <metric kind="exempted_no_violation" count="0" ratio="0"/>
     <metric kind="exempted" count="0" ratio="0"/>
     <metric kind="exempted_undetermined_coverage" count="0" ratio="0"/>
    </obligation_stats>

    <obligation_stats kind="Decision">
     <metric kind="total_obligations_of_relevance" count="1"/>
     <metric kind="fully_covered" count="1" ratio="100"/>
     <metric kind="partially_covered" count="0" ratio="0"/>
     <metric kind="not_covered" count="0" ratio="0"/>
     <metric kind="undetermined_coverage" count="0" ratio="0"/>
     <metric kind="exempted_no_violation" count="0" ratio="0"/>
     <metric kind="exempted" count="0" ratio="0"/>
     <metric kind="exempted_undetermined_coverage" count="0" ratio="0"/>
    </obligation_stats>

    <obligation_stats kind="MCDC">
     <metric kind="total_obligations_of_relevance" count="2"/>
     <metric kind="fully_covered" count="1" ratio="50"/>
     <metric kind="partially_covered" count="0" ratio="0"/>
     <metric kind="not_covered" count="1" ratio="50"/>
     <metric kind="undetermined_coverage" count="0" ratio="0"/>
     <metric kind="exempted_no_violation" count="0" ratio="0"/>
     <metric kind="exempted" count="0" ratio="0"/>
     <metric kind="exempted_undetermined_coverage" count="0" ratio="0"/>
    </obligation_stats>

    <obligation_stats kind="ATC">
     <metric kind="total_obligations_of_relevance" count="1"/>
     <metric kind="fully_covered" count="1" ratio="100"/>
     <metric kind="partially_covered" count="0" ratio="0"/>
     <metric kind="not_covered" count="0" ratio="0"/>
     <metric kind="undetermined_coverage" count="0" ratio="0"/>
     <metric kind="exempted_no_violation" count="0" ratio="0"/>
     <metric kind="exempted" count="0" ratio="0"/>
     <metric kind="exempted_undetermined_coverage" count="0" ratio="0"/>
    </obligation_stats>

    <obligation_stats kind="ATCC">
     <metric kind="total_obligations_of_relevance" count="2"/>
     <metric kind="fully_covered" count="1" ratio="50"/>
     <metric kind="partially_covered" count="0" ratio="0"/>
     <metric kind="not_covered" count="1" ratio="50"/>
     <metric kind="undetermined_coverage" count="0" ratio="0"/>
     <metric kind="exempted_no_violation" count="0" ratio="0"/>
     <metric kind="exempted" count="0" ratio="0"/>
     <metric kind="exempted_undetermined_coverage" count="0" ratio="0"/>
    </obligation_stats>

   </file>

  </coverage_summary>

  <sources>
   <xi:include parse="xml" href="main.adb.xml"/>
  </sources>

 </coverage_report>

</document>

