*** p.adb:7:32: warning: condition is reachable through multiple paths
*** p.adb:9:32: warning: condition is reachable through multiple paths
